2026-07-06T12:16:10 OK Syncing calendar to cache first... Fetched 14 events from TP. Sync complete. New events added: 14. Cache updated: 0. Successfully generated merged report and strength document at: C:\Users\User\Desktop\TP\outputs\weekly\2026-W28_當週肌力訓練計畫.docx
2026-07-06T19:22:58 TP_ANALYSIS OK Syncing calendar to cache first... Fetched 13 events from TP. Sync complete. New events added: 0. Cache updated: 13. Successfully generated merged report and strength document at: C:\Users\User\Desktop\TP\outputs\weekly\2026-W28_當週肌力訓練計畫.docx
2026-07-06T19:23:04 ARTICLES_FETCH OK Fetching articles from Slowtwitch...   Found 10 articles from past 7 days. Fetching articles from Triathlete Magazine...   Found 8 articles from past 7 days. Fetching articles from 220 Triathlon...   Found 11 articles from past 7 days. Fetching articles from TrainingPeaks Blog...   Found 2 articles from past 7 days. Fetching articles from Joe Friel Blog...   Found 0 articles from past 7 days. Report generated successfully: C:\Users\User\Desktop\TP\outputs\weekly\2026-W28_當週鐵人新知與文章整理.md SUCCESS:C:\Users\User\Desktop\TP\outputs\weekly\2026-W28_當週鐵人新知與文章整理.md
2026-07-15T08:54:30 TP_ANALYSIS OK Syncing calendar to cache first... Fetched 15 events from TP. Sync complete. New events added: 15. Cache updated: 0. Successfully generated merged report and strength document at: C:\Users\User\Desktop\TP\outputs\weekly\2026-W29_當週肌力訓練計畫.docx
2026-07-15T08:54:40 ARTICLES_FETCH OK Fetching articles from Slowtwitch...   Found 10 articles from past 7 days. Fetching articles from Triathlete Magazine...   Found 9 articles from past 7 days. Fetching articles from 220 Triathlon...   Found 14 articles from past 7 days. Fetching articles from TrainingPeaks Blog...   Found 1 articles from past 7 days. Fetching articles from Joe Friel Blog...   Found 0 articles from past 7 days. Markdown report generated successfully: C:\Users\User\Desktop\TP\outputs\weekly\2026-W29_當週鐵人新知與文章整理.md DOCX report generated successfully: C:\Users\User\Desktop\TP\outputs\weekly\2026-W29_當週鐵人新知與文章整理.docx SUCCESS:C:\Users\User\Desktop\TP\outputs\weekly\2026-W29_當週鐵人新知與文章整理.docx
2026-07-15T09:57:37 TP_ANALYSIS OK Syncing calendar to cache first... Fetched 15 events from TP. Sync complete. New events added: 0. Cache updated: 15. Successfully generated merged report and strength document at: C:\Users\User\Desktop\TP\outputs\weekly\2026-W29_當週肌力訓練計畫.docx
2026-07-15T09:58:59 ARTICLES_FETCH OK Fetching articles from Slowtwitch...   Found 10 articles from past 7 days. Fetching articles from Triathlete Magazine...   Found 9 articles from past 7 days. Fetching articles from 220 Triathlon...   Found 14 articles from past 7 days. Fetching articles from TrainingPeaks Blog...   Found 1 articles from past 7 days. Fetching articles from Joe Friel Blog...   Found 0 articles from past 7 days. Markdown report generated successfully: C:\Users\User\Desktop\TP\outputs\weekly\2026-W29_當週鐵人新知與文章整理.md DOCX report generated successfully: C:\Users\User\Desktop\TP\outputs\weekly\2026-W29_當週鐵人新知與文章整理.docx Translating articles to Traditional Chinese... Generating fallback extractive summary... Chinese Markdown report generated successfully: C:\Users\User\Desktop\TP\outputs\weekly\2026-W29_當週鐵人新知與文章整理_中文版.md Chinese DOCX report generated successfully: C:\Users\User\Desktop\TP\outputs\weekly\2026-W29_當週鐵人新知與文章整理_中文版.docx SUCCESS:C:\Users\User\Desktop\TP\outputs\weekly\2026-W29_當週鐵人新知與文章整理.docx
2026-07-19T20:00:04 SUNDAY_REPORT OK Syncing calendar before generating report... Fetched 19 events from TP. Sync complete. New events added: 10. Cache updated: 9. Markdown report generated: C:\Users\User\Desktop\TP\outputs\weekly\2026-W29_當週執行率回顧報告.md DOCX report generated: C:\Users\User\Desktop\TP\outputs\weekly\2026-W29_當週執行率回顧報告.docx
2026-07-20T09:00:06 TP_ANALYSIS OK Syncing calendar to cache first... Fetched 19 events from TP. Sync complete. New events added: 1. Cache updated: 18. Successfully generated merged report and strength document at: C:\Users\User\Desktop\TP\outputs\weekly\2026-W30_當週肌力訓練計畫.docx
2026-07-20T09:02:10 ARTICLES_FETCH OK Fetching articles from Slowtwitch...   Found 10 articles from past 7 days. Fetching articles from Triathlete Magazine...   Found 10 articles from past 7 days. Fetching articles from 220 Triathlon...   Found 17 articles from past 7 days. Fetching articles from TrainingPeaks Blog...   Found 3 articles from past 7 days. Fetching articles from Joe Friel Blog...   Found 0 articles from past 7 days. Markdown report generated successfully: C:\Users\User\Desktop\TP\outputs\weekly\2026-W30_當週鐵人新知與文章整理.md DOCX report generated successfully: C:\Users\User\Desktop\TP\outputs\weekly\2026-W30_當週鐵人新知與文章整理.docx Translating articles to Traditional Chinese... Translation error: HTTP Error 500: Internal Server Error Translation error: HTTP Error 500: Internal Server Error Translation error: HTTP Error 500: Internal Server Error Translation error: HTTP Error 500: Internal Server Error Translation error: HTTP Error 500: Internal Server Error Translation error: HTTP Error 500: Internal Server Error Translation error: HTTP Error 500: Internal Server Error Translation error: HTTP Error 500: Internal Server Error Translation error: HTTP Error 500: Internal Server Error Translation error: HTTP Error 500: Internal Server Error Translation error: HTTP Error 500: Internal Server Error Translation error: HTTP Error 500: Internal Server Error Translation error: HTTP Error 500: Internal Server Error Translation error: HTTP Error 500: Internal Server Error Translation error: HTTP Error 500: Internal Server Error Translation error: HTTP Error 500: Internal Server Error Translation error: HTTP Error 500: Internal Server Error Translation error: HTTP Error 500: Internal Server Error Translation error: HTTP Error 500: Internal Server Error Translation error: HTTP Error 500: Internal Server Error Translation error: HTTP Error 500: Internal Server Error Translation error: HTTP Error 500: Internal Server Error Translation error: HTTP Error 500: Internal Server Error Translation error: HTTP Error 500: Internal Server Error Translation error: HTTP Error 500: Internal Server Error Translation error: HTTP Error 500: Internal Server Error Generating fallback extractive summary... Chinese Markdown report generated successfully: C:\Users\User\Desktop\TP\outputs\weekly\2026-W30_當週鐵人新知與文章整理_中文版.md Chinese DOCX report generated successfully: C:\Users\User\Desktop\TP\outputs\weekly\2026-W30_當週鐵人新知與文章整理_中文版.docx SUCCESS:C:\Users\User\Desktop\TP\outputs\weekly\2026-W30_當週鐵人新知與文章整理.docx
2026-07-27T07:30:54 SUNDAY_REPORT OK Syncing calendar before generating report... Fetched 16 events from TP. Sync complete. New events added: 1. Cache updated: 15. Markdown report generated: C:\Users\User\Desktop\TP\outputs\weekly\2026-W31_當週執行率回顧報告.md DOCX report generated: C:\Users\User\Desktop\TP\outputs\weekly\2026-W31_當週執行率回顧報告.docx
2026-07-27T08:41:48 TP_ANALYSIS OK Syncing calendar to cache first... Fetched 16 events from TP. Sync complete. New events added: 0. Cache updated: 16. Successfully generated merged report and strength document at: C:\Users\User\Desktop\TP\outputs\weekly\2026-W31_第31週肌力訓練計畫.docx
2026-07-27T08:42:31 ARTICLES_FETCH OK Fetching articles from Slowtwitch...   Found 8 articles from past 7 days. Fetching articles from Triathlete Magazine...   Found 9 articles from past 7 days. Fetching articles from 220 Triathlon...   Found 24 articles from past 7 days. Fetching articles from TrainingPeaks Blog...   Found 1 articles from past 7 days. Fetching articles from Joe Friel Blog...   Found 0 articles from past 7 days. Markdown report generated successfully: C:\Users\User\Desktop\TP\outputs\weekly\2026-W31_當週鐵人新知與文章整理.md DOCX report generated successfully: C:\Users\User\Desktop\TP\outputs\weekly\2026-W31_當週鐵人新知與文章整理.docx Translating articles to Traditional Chinese... Generating fallback extractive summary... Chinese Markdown report generated successfully: C:\Users\User\Desktop\TP\outputs\weekly\2026-W31_當週鐵人新知與文章整理_中文版.md Chinese DOCX report generated successfully: C:\Users\User\Desktop\TP\outputs\weekly\2026-W31_當週鐵人新知與文章整理_中文版.docx SUCCESS:C:\Users\User\Desktop\TP\outputs\weekly\2026-W31_當週鐵人新知與文章整理.docx
2026-07-27T09:00:04 TP_ANALYSIS OK Syncing calendar to cache first... Fetched 16 events from TP. Sync complete. New events added: 0. Cache updated: 16. Successfully generated merged report and strength document at: C:\Users\User\Desktop\TP\outputs\weekly\2026-W31_第31週肌力訓練計畫.docx
2026-07-27T09:00:04 DASHBOARD_GEN OK 52-Week Full-Year Dashboard generated successfully at: C:\Users\User\Desktop\TP\outputs\index.html
2026-08-02T18:37:49 GIT_PUSH OK Site updated live on GitHub Pages
2026-08-02T18:37:49 SUNDAY_REPORT OK
2026-08-02T18:37:59 GIT_PUSH OK Site updated live on GitHub Pages
2026-08-02T18:37:59 SUNDAY_REPORT OK
2026-08-02T19:51:51 GIT_PUSH OK Site updated live on GitHub Pages
2026-08-02T19:51:51 SUNDAY_REPORT OK
2026-08-02T19:53:37 GIT_PUSH OK Site updated live on GitHub Pages
2026-08-02T19:53:37 SUNDAY_REPORT OK
2026-08-02T19:54:47 GIT_PUSH OK Site updated live on GitHub Pages
2026-08-02T19:54:47 SUNDAY_REPORT OK
2026-08-02T19:55:56 GIT_PUSH OK Site updated live on GitHub Pages
2026-08-02T19:55:56 SUNDAY_REPORT OK
2026-08-02T19:56:07 GIT_PUSH OK Site updated live on GitHub Pages
2026-08-02T19:56:07 SUNDAY_REPORT OK
2026-08-02T20:00:05 GIT_PUSH OK Site updated live on GitHub Pages
2026-08-02T20:00:05 SUNDAY_REPORT OK
2026-08-02T20:00:51 GIT_PUSH OK Site updated live on GitHub Pages
2026-08-02T20:00:51 SUNDAY_REPORT OK
2026-08-02T20:04:17 GIT_PUSH OK Site updated live on GitHub Pages
2026-08-02T20:04:17 SUNDAY_REPORT OK
2026-08-02T20:54:17 GIT_PUSH OK Site updated live on GitHub Pages
2026-08-02T20:54:17 SUNDAY_REPORT OK
2026-08-03T09:05:52 GIT_PUSH OK Site updated live on GitHub Pages
2026-08-03T09:05:52 MONDAY_SCRIPT OK
2026-08-03T12:01:51 GIT_PUSH OK Site updated live on GitHub Pages
2026-08-03T12:01:51 MONDAY_SCRIPT OK
2026-08-09T20:00:12 GIT_PUSH OK Site updated live on GitHub Pages
2026-08-09T20:00:12 SUNDAY_REPORT OK
2026-08-16T20:00:13 GIT_PUSH OK Site updated live on GitHub Pages
2026-08-16T20:00:13 SUNDAY_REPORT OK
2026-08-17T09:01:20 GIT_PUSH OK Site updated live on GitHub Pages
2026-08-17T09:01:20 MONDAY_SCRIPT OK
2026-08-23T20:00:14 GIT_PUSH OK Site updated live on GitHub Pages
2026-08-23T20:00:14 SUNDAY_REPORT OK
2026-08-24T11:32:49 GIT_PUSH OK Site updated live on GitHub Pages
2026-08-24T11:32:49 MONDAY_SCRIPT OK
2026-08-24T12:00:52 GIT_PUSH OK Site updated live on GitHub Pages
2026-08-24T12:00:52 MONDAY_SCRIPT OK
